00:57:12 **** Incremental Build of configuration Debug for project EMCS_SoftwareProject ****
make -j12 all 
'Building file: ../src/Ram.c'
'Building file: ../src/adc_thread_entry.c'
'Invoking: Cross ARM C Compiler'
'Building file: ../src/guiapp_event_handlers.c'
C:\Renesas\Synergy\e2studio_v6.2.1_ssp_v1.5.0\eclipse\../Utilities/isdebuild arm-none-eabi-gcc -mcpu=cortex-m4 -mthumb -mfloat-abi=hard -mfpu=fpv4-sp-d16 -O2 -fmessage-length=0 -fsigned-char -ffunction-sections -fdata-sections -Wunused -Wuninitialized -Wall -Wextra -Wmissing-declarations -Wconversion -Wpointer-arith -Wshadow -Wlogical-op -Waggregate-return -Wfloat-equal  -g3 -DSF_MESSAGE_CLASS -I../GUIApp/synergy_cfg/ssp_cfg/bsp/ -I../GUIApp/synergy_cfg/ssp_cfg/driver/ -I../GUIApp/synergy/ssp/inc/ -I../GUIApp/synergy/ssp/inc/bsp/ -I../GUIApp/synergy/ssp/inc/bsp/cmsis/Include/ -I../GUIApp/synergy/ssp/inc/driver/api/ -I../GUIApp/synergy/ssp/inc/driver/instances/ -I../GUIApp/synergy_cfg/ssp_cfg/framework/el/ -I../GUIApp/synergy/ssp/inc/framework/el/ -I../GUIApp/synergy/ssp/src/framework/el/tx/ -I../GUIApp/synergy_cfg/ssp_cfg/framework/ -I../GUIApp/synergy/ssp/inc/framework/api/ -I../GUIApp/synergy/ssp/inc/framework/instances/ -I../GUIApp/synergy_cfg/ssp_cfg/framework/tes/ -I../GUIApp/synergy/ssp/inc/framework/tes/ -I../GUIApp/synergy_cfg/framework/ -I../GUIApp/synergy_cfg/ssp_cfg/framework -I../GUIApp/synergy/ssp/inc/framework/api -I../GUIApp/synergy/ssp/inc/framework/instances -I../GUIApp/synergy_cfg/ssp_cfg/framework/tes -I../GUIApp/synergy/ssp/inc/framework/tes -I../GUIApp/synergy_cfg/ssp_cfg/framework/el -I../GUIApp/synergy/ssp/inc/framework/el -I../GUIApp/synergy/ssp/src/framework/el/tx -I../GUIApp/synergy_cfg/ssp_cfg/bsp -I../GUIApp/synergy_cfg/ssp_cfg/driver -I../GUIApp/synergy/ssp/inc -I../GUIApp/synergy/ssp/inc/bsp -I../GUIApp/synergy/ssp/inc/bsp/cmsis/Include -I../GUIApp/synergy/ssp/inc/driver/api -I../GUIApp/synergy/ssp/inc/driver/instances -I"D:\Documentos\Proyecto_Integrador_DSE_2019\EMCS_Source_Code\EMCS_SoftwareProject\synergy_cfg\ssp_cfg\framework" -I"D:\Documentos\Proyecto_Integrador_DSE_2019\EMCS_Source_Code\EMCS_SoftwareProject\synergy\ssp\inc\framework\api" -I"D:\Documentos\Proyecto_Integrador_DSE_2019\EMCS_Source_Code\EMCS_SoftwareProject\synergy\ssp\inc\framework\instances" -I"D:\Documentos\Proyecto_Integrador_DSE_2019\EMCS_Source_Code\EMCS_SoftwareProject\synergy\ssp\inc\framework\tes" -I"D:\Documentos\Proyecto_Integrador_DSE_2019\EMCS_Source_Code\EMCS_SoftwareProject\synergy_cfg\ssp_cfg\framework\el" -I"D:\Documentos\Proyecto_Integrador_DSE_2019\EMCS_Source_Code\EMCS_SoftwareProject\synergy\ssp\inc\framework\el" -I"D:\Documentos\Proyecto_Integrador_DSE_2019\EMCS_Source_Code\EMCS_SoftwareProject\synergy\ssp\src\framework\el\tx" -I"D:\Documentos\Proyecto_Integrador_DSE_2019\EMCS_Source_Code\EMCS_SoftwareProject\synergy_cfg\ssp_cfg\bsp" -I"D:\Documentos\Proyecto_Integrador_DSE_2019\EMCS_Source_Code\EMCS_SoftwareProject\synergy_cfg\ssp_cfg\driver" -I"D:\Documentos\Proyecto_Integrador_DSE_2019\EMCS_Source_Code\EMCS_SoftwareProject\synergy\ssp\inc" -I"D:\Documentos\Proyecto_Integrador_DSE_2019\EMCS_Source_Code\EMCS_SoftwareProject\synergy\ssp\inc\bsp" -I"D:\Documentos\Proyecto_Integrador_DSE_2019\EMCS_Source_Code\EMCS_SoftwareProject\synergy\ssp\inc\bsp\cmsis\Include" -I"D:\Documentos\Proyecto_Integrador_DSE_2019\EMCS_Source_Code\EMCS_SoftwareProject\synergy\ssp\inc\driver\api" -I"D:\Documentos\Proyecto_Integrador_DSE_2019\EMCS_Source_Code\EMCS_SoftwareProject\synergy\ssp\inc\driver\instances" -I"D:\Documentos\Proyecto_Integrador_DSE_2019\EMCS_Source_Code\EMCS_SoftwareProject\src" -I"D:\Documentos\Proyecto_Integrador_DSE_2019\EMCS_Source_Code\EMCS_SoftwareProject\src\synergy_gen" -std=c99 -MMD -MP -MF"src/Ram.d" -MT"src/Ram.o" -c -o "src/Ram.o" -x c "../src/Ram.c"
'Building file: ../src/main_thread_entry.c'
'Invoking: Cross ARM C Compiler'
'Invoking: Cross ARM C Compiler'
C:\Renesas\Synergy\e2studio_v6.2.1_ssp_v1.5.0\eclipse\../Utilities/isdebuild arm-none-eabi-gcc -mcpu=cortex-m4 -mthumb -mfloat-abi=hard -mfpu=fpv4-sp-d16 -O2 -fmessage-length=0 -fsigned-char -ffunction-sections -fdata-sections -Wunused -Wuninitialized -Wall -Wextra -Wmissing-declarations -Wconversion -Wpointer-arith -Wshadow -Wlogical-op -Waggregate-return -Wfloat-equal  -g3 -DSF_MESSAGE_CLASS -I../GUIApp/synergy_cfg/ssp_cfg/bsp/ -I../GUIApp/synergy_cfg/ssp_cfg/driver/ -I../GUIApp/synergy/ssp/inc/ -I../GUIApp/synergy/ssp/inc/bsp/ -I../GUIApp/synergy/ssp/inc/bsp/cmsis/Include/ -I../GUIApp/synergy/ssp/inc/driver/api/ -I../GUIApp/synergy/ssp/inc/driver/instances/ -I../GUIApp/synergy_cfg/ssp_cfg/framework/el/ -I../GUIApp/synergy/ssp/inc/framework/el/ -I../GUIApp/synergy/ssp/src/framework/el/tx/ -I../GUIApp/synergy_cfg/ssp_cfg/framework/ -I../GUIApp/synergy/ssp/inc/framework/api/ -I../GUIApp/synergy/ssp/inc/framework/instances/ -I../GUIApp/synergy_cfg/ssp_cfg/framework/tes/ -I../GUIApp/synergy/ssp/inc/framework/tes/ -I../GUIApp/synergy_cfg/framework/ -I../GUIApp/synergy_cfg/ssp_cfg/framework -I../GUIApp/synergy/ssp/inc/framework/api -I../GUIApp/synergy/ssp/inc/framework/instances -I../GUIApp/synergy_cfg/ssp_cfg/framework/tes -I../GUIApp/synergy/ssp/inc/framework/tes -I../GUIApp/synergy_cfg/ssp_cfg/framework/el -I../GUIApp/synergy/ssp/inc/framework/el -I../GUIApp/synergy/ssp/src/framework/el/tx -I../GUIApp/synergy_cfg/ssp_cfg/bsp -I../GUIApp/synergy_cfg/ssp_cfg/driver -I../GUIApp/synergy/ssp/inc -I../GUIApp/synergy/ssp/inc/bsp -I../GUIApp/synergy/ssp/inc/bsp/cmsis/Include -I../GUIApp/synergy/ssp/inc/driver/api -I../GUIApp/synergy/ssp/inc/driver/instances -I"D:\Documentos\Proyecto_Integrador_DSE_2019\EMCS_Source_Code\EMCS_SoftwareProject\synergy_cfg\ssp_cfg\framework" -I"D:\Documentos\Proyecto_Integrador_DSE_2019\EMCS_Source_Code\EMCS_SoftwareProject\synergy\ssp\inc\framework\api" -I"D:\Documentos\Proyecto_Integrador_DSE_2019\EMCS_Source_Code\EMCS_SoftwareProject\synergy\ssp\inc\framework\instances" -I"D:\Documentos\Proyecto_Integrador_DSE_2019\EMCS_Source_Code\EMCS_SoftwareProject\synergy\ssp\inc\framework\tes" -I"D:\Documentos\Proyecto_Integrador_DSE_2019\EMCS_Source_Code\EMCS_SoftwareProject\synergy_cfg\ssp_cfg\framework\el" -I"D:\Documentos\Proyecto_Integrador_DSE_2019\EMCS_Source_Code\EMCS_SoftwareProject\synergy\ssp\inc\framework\el" -I"D:\Documentos\Proyecto_Integrador_DSE_2019\EMCS_Source_Code\EMCS_SoftwareProject\synergy\ssp\src\framework\el\tx" -I"D:\Documentos\Proyecto_Integrador_DSE_2019\EMCS_Source_Code\EMCS_SoftwareProject\synergy_cfg\ssp_cfg\bsp" -I"D:\Documentos\Proyecto_Integrador_DSE_2019\EMCS_Source_Code\EMCS_SoftwareProject\synergy_cfg\ssp_cfg\driver" -I"D:\Documentos\Proyecto_Integrador_DSE_2019\EMCS_Source_Code\EMCS_SoftwareProject\synergy\ssp\inc" -I"D:\Documentos\Proyecto_Integrador_DSE_2019\EMCS_Source_Code\EMCS_SoftwareProject\synergy\ssp\inc\bsp" -I"D:\Documentos\Proyecto_Integrador_DSE_2019\EMCS_Source_Code\EMCS_SoftwareProject\synergy\ssp\inc\bsp\cmsis\Include" -I"D:\Documentos\Proyecto_Integrador_DSE_2019\EMCS_Source_Code\EMCS_SoftwareProject\synergy\ssp\inc\driver\api" -I"D:\Documentos\Proyecto_Integrador_DSE_2019\EMCS_Source_Code\EMCS_SoftwareProject\synergy\ssp\inc\driver\instances" -I"D:\Documentos\Proyecto_Integrador_DSE_2019\EMCS_Source_Code\EMCS_SoftwareProject\src" -I"D:\Documentos\Proyecto_Integrador_DSE_2019\EMCS_Source_Code\EMCS_SoftwareProject\src\synergy_gen" -std=c99 -MMD -MP -MF"src/adc_thread_entry.d" -MT"src/adc_thread_entry.o" -c -o "src/adc_thread_entry.o" -x c "../src/adc_thread_entry.c"
C:\Renesas\Synergy\e2studio_v6.2.1_ssp_v1.5.0\eclipse\../Utilities/isdebuild arm-none-eabi-gcc -mcpu=cortex-m4 -mthumb -mfloat-abi=hard -mfpu=fpv4-sp-d16 -O2 -fmessage-length=0 -fsigned-char -ffunction-sections -fdata-sections -Wunused -Wuninitialized -Wall -Wextra -Wmissing-declarations -Wconversion -Wpointer-arith -Wshadow -Wlogical-op -Waggregate-return -Wfloat-equal  -g3 -DSF_MESSAGE_CLASS -I../GUIApp/synergy_cfg/ssp_cfg/bsp/ -I../GUIApp/synergy_cfg/ssp_cfg/driver/ -I../GUIApp/synergy/ssp/inc/ -I../GUIApp/synergy/ssp/inc/bsp/ -I../GUIApp/synergy/ssp/inc/bsp/cmsis/Include/ -I../GUIApp/synergy/ssp/inc/driver/api/ -I../GUIApp/synergy/ssp/inc/driver/instances/ -I../GUIApp/synergy_cfg/ssp_cfg/framework/el/ -I../GUIApp/synergy/ssp/inc/framework/el/ -I../GUIApp/synergy/ssp/src/framework/el/tx/ -I../GUIApp/synergy_cfg/ssp_cfg/framework/ -I../GUIApp/synergy/ssp/inc/framework/api/ -I../GUIApp/synergy/ssp/inc/framework/instances/ -I../GUIApp/synergy_cfg/ssp_cfg/framework/tes/ -I../GUIApp/synergy/ssp/inc/framework/tes/ -I../GUIApp/synergy_cfg/framework/ -I../GUIApp/synergy_cfg/ssp_cfg/framework -I../GUIApp/synergy/ssp/inc/framework/api -I../GUIApp/synergy/ssp/inc/framework/instances -I../GUIApp/synergy_cfg/ssp_cfg/framework/tes -I../GUIApp/synergy/ssp/inc/framework/tes -I../GUIApp/synergy_cfg/ssp_cfg/framework/el -I../GUIApp/synergy/ssp/inc/framework/el -I../GUIApp/synergy/ssp/src/framework/el/tx -I../GUIApp/synergy_cfg/ssp_cfg/bsp -I../GUIApp/synergy_cfg/ssp_cfg/driver -I../GUIApp/synergy/ssp/inc -I../GUIApp/synergy/ssp/inc/bsp -I../GUIApp/synergy/ssp/inc/bsp/cmsis/Include -I../GUIApp/synergy/ssp/inc/driver/api -I../GUIApp/synergy/ssp/inc/driver/instances -I"D:\Documentos\Proyecto_Integrador_DSE_2019\EMCS_Source_Code\EMCS_SoftwareProject\synergy_cfg\ssp_cfg\framework" -I"D:\Documentos\Proyecto_Integrador_DSE_2019\EMCS_Source_Code\EMCS_SoftwareProject\synergy\ssp\inc\framework\api" -I"D:\Documentos\Proyecto_Integrador_DSE_2019\EMCS_Source_Code\EMCS_SoftwareProject\synergy\ssp\inc\framework\instances" -I"D:\Documentos\Proyecto_Integrador_DSE_2019\EMCS_Source_Code\EMCS_SoftwareProject\synergy\ssp\inc\framework\tes" -I"D:\Documentos\Proyecto_Integrador_DSE_2019\EMCS_Source_Code\EMCS_SoftwareProject\synergy_cfg\ssp_cfg\framework\el" -I"D:\Documentos\Proyecto_Integrador_DSE_2019\EMCS_Source_Code\EMCS_SoftwareProject\synergy\ssp\inc\framework\el" -I"D:\Documentos\Proyecto_Integrador_DSE_2019\EMCS_Source_Code\EMCS_SoftwareProject\synergy\ssp\src\framework\el\tx" -I"D:\Documentos\Proyecto_Integrador_DSE_2019\EMCS_Source_Code\EMCS_SoftwareProject\synergy_cfg\ssp_cfg\bsp" -I"D:\Documentos\Proyecto_Integrador_DSE_2019\EMCS_Source_Code\EMCS_SoftwareProject\synergy_cfg\ssp_cfg\driver" -I"D:\Documentos\Proyecto_Integrador_DSE_2019\EMCS_Source_Code\EMCS_SoftwareProject\synergy\ssp\inc" -I"D:\Documentos\Proyecto_Integrador_DSE_2019\EMCS_Source_Code\EMCS_SoftwareProject\synergy\ssp\inc\bsp" -I"D:\Documentos\Proyecto_Integrador_DSE_2019\EMCS_Source_Code\EMCS_SoftwareProject\synergy\ssp\inc\bsp\cmsis\Include" -I"D:\Documentos\Proyecto_Integrador_DSE_2019\EMCS_Source_Code\EMCS_SoftwareProject\synergy\ssp\inc\driver\api" -I"D:\Documentos\Proyecto_Integrador_DSE_2019\EMCS_Source_Code\EMCS_SoftwareProject\synergy\ssp\inc\driver\instances" -I"D:\Documentos\Proyecto_Integrador_DSE_2019\EMCS_Source_Code\EMCS_SoftwareProject\src" -I"D:\Documentos\Proyecto_Integrador_DSE_2019\EMCS_Source_Code\EMCS_SoftwareProject\src\synergy_gen" -std=c99 -MMD -MP -MF"src/guiapp_event_handlers.d" -MT"src/guiapp_event_handlers.o" -c -o "src/guiapp_event_handlers.o" -x c "../src/guiapp_event_handlers.c"
'Building file: ../src/pwm_thread_entry.c'
'Invoking: Cross ARM C Compiler'
C:\Renesas\Synergy\e2studio_v6.2.1_ssp_v1.5.0\eclipse\../Utilities/isdebuild arm-none-eabi-gcc -mcpu=cortex-m4 -mthumb -mfloat-abi=hard -mfpu=fpv4-sp-d16 -O2 -fmessage-length=0 -fsigned-char -ffunction-sections -fdata-sections -Wunused -Wuninitialized -Wall -Wextra -Wmissing-declarations -Wconversion -Wpointer-arith -Wshadow -Wlogical-op -Waggregate-return -Wfloat-equal  -g3 -DSF_MESSAGE_CLASS -I../GUIApp/synergy_cfg/ssp_cfg/bsp/ -I../GUIApp/synergy_cfg/ssp_cfg/driver/ -I../GUIApp/synergy/ssp/inc/ -I../GUIApp/synergy/ssp/inc/bsp/ -I../GUIApp/synergy/ssp/inc/bsp/cmsis/Include/ -I../GUIApp/synergy/ssp/inc/driver/api/ -I../GUIApp/synergy/ssp/inc/driver/instances/ -I../GUIApp/synergy_cfg/ssp_cfg/framework/el/ -I../GUIApp/synergy/ssp/inc/framework/el/ -I../GUIApp/synergy/ssp/src/framework/el/tx/ -I../GUIApp/synergy_cfg/ssp_cfg/framework/ -I../GUIApp/synergy/ssp/inc/framework/api/ -I../GUIApp/synergy/ssp/inc/framework/instances/ -I../GUIApp/synergy_cfg/ssp_cfg/framework/tes/ -I../GUIApp/synergy/ssp/inc/framework/tes/ -I../GUIApp/synergy_cfg/framework/ -I../GUIApp/synergy_cfg/ssp_cfg/framework -I../GUIApp/synergy/ssp/inc/framework/api -I../GUIApp/synergy/ssp/inc/framework/instances -I../GUIApp/synergy_cfg/ssp_cfg/framework/tes -I../GUIApp/synergy/ssp/inc/framework/tes -I../GUIApp/synergy_cfg/ssp_cfg/framework/el -I../GUIApp/synergy/ssp/inc/framework/el -I../GUIApp/synergy/ssp/src/framework/el/tx -I../GUIApp/synergy_cfg/ssp_cfg/bsp -I../GUIApp/synergy_cfg/ssp_cfg/driver -I../GUIApp/synergy/ssp/inc -I../GUIApp/synergy/ssp/inc/bsp -I../GUIApp/synergy/ssp/inc/bsp/cmsis/Include -I../GUIApp/synergy/ssp/inc/driver/api -I../GUIApp/synergy/ssp/inc/driver/instances -I"D:\Documentos\Proyecto_Integrador_DSE_2019\EMCS_Source_Code\EMCS_SoftwareProject\synergy_cfg\ssp_cfg\framework" -I"D:\Documentos\Proyecto_Integrador_DSE_2019\EMCS_Source_Code\EMCS_SoftwareProject\synergy\ssp\inc\framework\api" -I"D:\Documentos\Proyecto_Integrador_DSE_2019\EMCS_Source_Code\EMCS_SoftwareProject\synergy\ssp\inc\framework\instances" -I"D:\Documentos\Proyecto_Integrador_DSE_2019\EMCS_Source_Code\EMCS_SoftwareProject\synergy\ssp\inc\framework\tes" -I"D:\Documentos\Proyecto_Integrador_DSE_2019\EMCS_Source_Code\EMCS_SoftwareProject\synergy_cfg\ssp_cfg\framework\el" -I"D:\Documentos\Proyecto_Integrador_DSE_2019\EMCS_Source_Code\EMCS_SoftwareProject\synergy\ssp\inc\framework\el" -I"D:\Documentos\Proyecto_Integrador_DSE_2019\EMCS_Source_Code\EMCS_SoftwareProject\synergy\ssp\src\framework\el\tx" -I"D:\Documentos\Proyecto_Integrador_DSE_2019\EMCS_Source_Code\EMCS_SoftwareProject\synergy_cfg\ssp_cfg\bsp" -I"D:\Documentos\Proyecto_Integrador_DSE_2019\EMCS_Source_Code\EMCS_SoftwareProject\synergy_cfg\ssp_cfg\driver" -I"D:\Documentos\Proyecto_Integrador_DSE_2019\EMCS_Source_Code\EMCS_SoftwareProject\synergy\ssp\inc" -I"D:\Documentos\Proyecto_Integrador_DSE_2019\EMCS_Source_Code\EMCS_SoftwareProject\synergy\ssp\inc\bsp" -I"D:\Documentos\Proyecto_Integrador_DSE_2019\EMCS_Source_Code\EMCS_SoftwareProject\synergy\ssp\inc\bsp\cmsis\Include" -I"D:\Documentos\Proyecto_Integrador_DSE_2019\EMCS_Source_Code\EMCS_SoftwareProject\synergy\ssp\inc\driver\api" -I"D:\Documentos\Proyecto_Integrador_DSE_2019\EMCS_Source_Code\EMCS_SoftwareProject\synergy\ssp\inc\driver\instances" -I"D:\Documentos\Proyecto_Integrador_DSE_2019\EMCS_Source_Code\EMCS_SoftwareProject\src" -I"D:\Documentos\Proyecto_Integrador_DSE_2019\EMCS_Source_Code\EMCS_SoftwareProject\src\synergy_gen" -std=c99 -MMD -MP -MF"src/main_thread_entry.d" -MT"src/main_thread_entry.o" -c -o "src/main_thread_entry.o" -x c "../src/main_thread_entry.c"
'Building file: ../src/rpm_thread_entry.c'
'Invoking: Cross ARM C Compiler'
C:\Renesas\Synergy\e2studio_v6.2.1_ssp_v1.5.0\eclipse\../Utilities/isdebuild arm-none-eabi-gcc -mcpu=cortex-m4 -mthumb -mfloat-abi=hard -mfpu=fpv4-sp-d16 -O2 -fmessage-length=0 -fsigned-char -ffunction-sections -fdata-sections -Wunused -Wuninitialized -Wall -Wextra -Wmissing-declarations -Wconversion -Wpointer-arith -Wshadow -Wlogical-op -Waggregate-return -Wfloat-equal  -g3 -DSF_MESSAGE_CLASS -I../GUIApp/synergy_cfg/ssp_cfg/bsp/ -I../GUIApp/synergy_cfg/ssp_cfg/driver/ -I../GUIApp/synergy/ssp/inc/ -I../GUIApp/synergy/ssp/inc/bsp/ -I../GUIApp/synergy/ssp/inc/bsp/cmsis/Include/ -I../GUIApp/synergy/ssp/inc/driver/api/ -I../GUIApp/synergy/ssp/inc/driver/instances/ -I../GUIApp/synergy_cfg/ssp_cfg/framework/el/ -I../GUIApp/synergy/ssp/inc/framework/el/ -I../GUIApp/synergy/ssp/src/framework/el/tx/ -I../GUIApp/synergy_cfg/ssp_cfg/framework/ -I../GUIApp/synergy/ssp/inc/framework/api/ -I../GUIApp/synergy/ssp/inc/framework/instances/ -I../GUIApp/synergy_cfg/ssp_cfg/framework/tes/ -I../GUIApp/synergy/ssp/inc/framework/tes/ -I../GUIApp/synergy_cfg/framework/ -I../GUIApp/synergy_cfg/ssp_cfg/framework -I../GUIApp/synergy/ssp/inc/framework/api -I../GUIApp/synergy/ssp/inc/framework/instances -I../GUIApp/synergy_cfg/ssp_cfg/framework/tes -I../GUIApp/synergy/ssp/inc/framework/tes -I../GUIApp/synergy_cfg/ssp_cfg/framework/el -I../GUIApp/synergy/ssp/inc/framework/el -I../GUIApp/synergy/ssp/src/framework/el/tx -I../GUIApp/synergy_cfg/ssp_cfg/bsp -I../GUIApp/synergy_cfg/ssp_cfg/driver -I../GUIApp/synergy/ssp/inc -I../GUIApp/synergy/ssp/inc/bsp -I../GUIApp/synergy/ssp/inc/bsp/cmsis/Include -I../GUIApp/synergy/ssp/inc/driver/api -I../GUIApp/synergy/ssp/inc/driver/instances -I"D:\Documentos\Proyecto_Integrador_DSE_2019\EMCS_Source_Code\EMCS_SoftwareProject\synergy_cfg\ssp_cfg\framework" -I"D:\Documentos\Proyecto_Integrador_DSE_2019\EMCS_Source_Code\EMCS_SoftwareProject\synergy\ssp\inc\framework\api" -I"D:\Documentos\Proyecto_Integrador_DSE_2019\EMCS_Source_Code\EMCS_SoftwareProject\synergy\ssp\inc\framework\instances" -I"D:\Documentos\Proyecto_Integrador_DSE_2019\EMCS_Source_Code\EMCS_SoftwareProject\synergy\ssp\inc\framework\tes" -I"D:\Documentos\Proyecto_Integrador_DSE_2019\EMCS_Source_Code\EMCS_SoftwareProject\synergy_cfg\ssp_cfg\framework\el" -I"D:\Documentos\Proyecto_Integrador_DSE_2019\EMCS_Source_Code\EMCS_SoftwareProject\synergy\ssp\inc\framework\el" -I"D:\Documentos\Proyecto_Integrador_DSE_2019\EMCS_Source_Code\EMCS_SoftwareProject\synergy\ssp\src\framework\el\tx" -I"D:\Documentos\Proyecto_Integrador_DSE_2019\EMCS_Source_Code\EMCS_SoftwareProject\synergy_cfg\ssp_cfg\bsp" -I"D:\Documentos\Proyecto_Integrador_DSE_2019\EMCS_Source_Code\EMCS_SoftwareProject\synergy_cfg\ssp_cfg\driver" -I"D:\Documentos\Proyecto_Integrador_DSE_2019\EMCS_Source_Code\EMCS_SoftwareProject\synergy\ssp\inc" -I"D:\Documentos\Proyecto_Integrador_DSE_2019\EMCS_Source_Code\EMCS_SoftwareProject\synergy\ssp\inc\bsp" -I"D:\Documentos\Proyecto_Integrador_DSE_2019\EMCS_Source_Code\EMCS_SoftwareProject\synergy\ssp\inc\bsp\cmsis\Include" -I"D:\Documentos\Proyecto_Integrador_DSE_2019\EMCS_Source_Code\EMCS_SoftwareProject\synergy\ssp\inc\driver\api" -I"D:\Documentos\Proyecto_Integrador_DSE_2019\EMCS_Source_Code\EMCS_SoftwareProject\synergy\ssp\inc\driver\instances" -I"D:\Documentos\Proyecto_Integrador_DSE_2019\EMCS_Source_Code\EMCS_SoftwareProject\src" -I"D:\Documentos\Proyecto_Integrador_DSE_2019\EMCS_Source_Code\EMCS_SoftwareProject\src\synergy_gen" -std=c99 -MMD -MP -MF"src/pwm_thread_entry.d" -MT"src/pwm_thread_entry.o" -c -o "src/pwm_thread_entry.o" -x c "../src/pwm_thread_entry.c"
'Invoking: Cross ARM C Compiler'
C:\Renesas\Synergy\e2studio_v6.2.1_ssp_v1.5.0\eclipse\../Utilities/isdebuild arm-none-eabi-gcc -mcpu=cortex-m4 -mthumb -mfloat-abi=hard -mfpu=fpv4-sp-d16 -O2 -fmessage-length=0 -fsigned-char -ffunction-sections -fdata-sections -Wunused -Wuninitialized -Wall -Wextra -Wmissing-declarations -Wconversion -Wpointer-arith -Wshadow -Wlogical-op -Waggregate-return -Wfloat-equal  -g3 -DSF_MESSAGE_CLASS -I../GUIApp/synergy_cfg/ssp_cfg/bsp/ -I../GUIApp/synergy_cfg/ssp_cfg/driver/ -I../GUIApp/synergy/ssp/inc/ -I../GUIApp/synergy/ssp/inc/bsp/ -I../GUIApp/synergy/ssp/inc/bsp/cmsis/Include/ -I../GUIApp/synergy/ssp/inc/driver/api/ -I../GUIApp/synergy/ssp/inc/driver/instances/ -I../GUIApp/synergy_cfg/ssp_cfg/framework/el/ -I../GUIApp/synergy/ssp/inc/framework/el/ -I../GUIApp/synergy/ssp/src/framework/el/tx/ -I../GUIApp/synergy_cfg/ssp_cfg/framework/ -I../GUIApp/synergy/ssp/inc/framework/api/ -I../GUIApp/synergy/ssp/inc/framework/instances/ -I../GUIApp/synergy_cfg/ssp_cfg/framework/tes/ -I../GUIApp/synergy/ssp/inc/framework/tes/ -I../GUIApp/synergy_cfg/framework/ -I../GUIApp/synergy_cfg/ssp_cfg/framework -I../GUIApp/synergy/ssp/inc/framework/api -I../GUIApp/synergy/ssp/inc/framework/instances -I../GUIApp/synergy_cfg/ssp_cfg/framework/tes -I../GUIApp/synergy/ssp/inc/framework/tes -I../GUIApp/synergy_cfg/ssp_cfg/framework/el -I../GUIApp/synergy/ssp/inc/framework/el -I../GUIApp/synergy/ssp/src/framework/el/tx -I../GUIApp/synergy_cfg/ssp_cfg/bsp -I../GUIApp/synergy_cfg/ssp_cfg/driver -I../GUIApp/synergy/ssp/inc -I../GUIApp/synergy/ssp/inc/bsp -I../GUIApp/synergy/ssp/inc/bsp/cmsis/Include -I../GUIApp/synergy/ssp/inc/driver/api -I../GUIApp/synergy/ssp/inc/driver/instances -I"D:\Documentos\Proyecto_Integrador_DSE_2019\EMCS_Source_Code\EMCS_SoftwareProject\synergy_cfg\ssp_cfg\framework" -I"D:\Documentos\Proyecto_Integrador_DSE_2019\EMCS_Source_Code\EMCS_SoftwareProject\synergy\ssp\inc\framework\api" -I"D:\Documentos\Proyecto_Integrador_DSE_2019\EMCS_Source_Code\EMCS_SoftwareProject\synergy\ssp\inc\framework\instances" -I"D:\Documentos\Proyecto_Integrador_DSE_2019\EMCS_Source_Code\EMCS_SoftwareProject\synergy\ssp\inc\framework\tes" -I"D:\Documentos\Proyecto_Integrador_DSE_2019\EMCS_Source_Code\EMCS_SoftwareProject\synergy_cfg\ssp_cfg\framework\el" -I"D:\Documentos\Proyecto_Integrador_DSE_2019\EMCS_Source_Code\EMCS_SoftwareProject\synergy\ssp\inc\framework\el" -I"D:\Documentos\Proyecto_Integrador_DSE_2019\EMCS_Source_Code\EMCS_SoftwareProject\synergy\ssp\src\framework\el\tx" -I"D:\Documentos\Proyecto_Integrador_DSE_2019\EMCS_Source_Code\EMCS_SoftwareProject\synergy_cfg\ssp_cfg\bsp" -I"D:\Documentos\Proyecto_Integrador_DSE_2019\EMCS_Source_Code\EMCS_SoftwareProject\synergy_cfg\ssp_cfg\driver" -I"D:\Documentos\Proyecto_Integrador_DSE_2019\EMCS_Source_Code\EMCS_SoftwareProject\synergy\ssp\inc" -I"D:\Documentos\Proyecto_Integrador_DSE_2019\EMCS_Source_Code\EMCS_SoftwareProject\synergy\ssp\inc\bsp" -I"D:\Documentos\Proyecto_Integrador_DSE_2019\EMCS_Source_Code\EMCS_SoftwareProject\synergy\ssp\inc\bsp\cmsis\Include" -I"D:\Documentos\Proyecto_Integrador_DSE_2019\EMCS_Source_Code\EMCS_SoftwareProject\synergy\ssp\inc\driver\api" -I"D:\Documentos\Proyecto_Integrador_DSE_2019\EMCS_Source_Code\EMCS_SoftwareProject\synergy\ssp\inc\driver\instances" -I"D:\Documentos\Proyecto_Integrador_DSE_2019\EMCS_Source_Code\EMCS_SoftwareProject\src" -I"D:\Documentos\Proyecto_Integrador_DSE_2019\EMCS_Source_Code\EMCS_SoftwareProject\src\synergy_gen" -std=c99 -MMD -MP -MF"src/rpm_thread_entry.d" -MT"src/rpm_thread_entry.o" -c -o "src/rpm_thread_entry.o" -x c "../src/rpm_thread_entry.c"
'Finished building: ../src/Ram.c'
' '
'Finished building: ../src/adc_thread_entry.c'
' '
'Finished building: ../src/guiapp_event_handlers.c'
' '
'Finished building: ../src/main_thread_entry.c'
' '
'Finished building: ../src/pwm_thread_entry.c'
' '
'Finished building: ../src/rpm_thread_entry.c'
' '
'Building target: EMCS_SoftwareProject.elf'
'Invoking: Cross ARM C Linker'
arm-none-eabi-gcc @"EMCS_SoftwareProject.elf.in"
'Finished building target: EMCS_SoftwareProject.elf'
' '
'Invoking: Cross ARM GNU Create Flash Image'
'Invoking: Cross ARM GNU Print Size'
arm-none-eabi-objcopy -O srec "EMCS_SoftwareProject.elf"  "EMCS_SoftwareProject.srec"
arm-none-eabi-size --format=berkeley "EMCS_SoftwareProject.elf"
   text	   data	    bss	    dec	    hex	filename
 749060	   3568	 476768	1229396	 12c254	EMCS_SoftwareProject.elf
'Finished building: EMCS_SoftwareProject.siz'
'Finished building: EMCS_SoftwareProject.srec'
' '
' '
